minikube start --driver=docker
minikube status
minikube docker-env
@FOR /f "tokens=*" %i IN ('minikube -p minikube docker-env --shell cmd') DO @%i
cd C:\Users\BodhareRachit\OneDrive - Cubastion Consulting Pvt Ltd\Desktop\Assessment-5
docker images
docker build -t my-task-project/eureka-server:latest ./eureka-server
docker build -t my-task-project/api-gateway:latest ./api-gateway
docker build -t my-task-project/user-service:latest ./user-service
docker build -t my-task-project/task-service:latest ./task-service
docker images
kubectl apply -f postgres.yaml
kubectl apply -f eureka-server.yaml
kubectl apply -f api-gateway.yaml
kubectl apply -f user-service.yaml
kubectl apply -f task-service.yaml
kubectl get pods
kubectl get svc
minikube service api-gateway --url


















































Microsoft Windows [Version 10.0.26100.3194]
(c) Microsoft Corporation. All rights reserved.

C:\Users\BodhareRachit>minikube start --driver=docker
* minikube v1.35.0 on Microsoft Windows 11 Pro 10.0.26100.3194 Build 26100.3194
* Using the docker driver based on user configuration
* Using Docker Desktop driver with root privileges
* Starting "minikube" primary control-plane node in "minikube" cluster
* Pulling base image v0.0.46 ...
* Creating docker container (CPUs=2, Memory=2200MB) ...
! Failing to connect to https://registry.k8s.io/ from inside the minikube container
* To pull new external images, you may need to configure a proxy: https://minikube.sigs.k8s.io/docs/reference/networking/proxy/
* Preparing Kubernetes v1.32.0 on Docker 27.4.1 ...
  - Generating certificates and keys ...
  - Booting up control plane ...
  - Configuring RBAC rules ...
* Configuring bridge CNI (Container Networking Interface) ...
* Verifying Kubernetes components...
  - Using image gcr.io/k8s-minikube/storage-provisioner:v5
* Enabled addons: storage-provisioner, default-storageclass

! C:\Program Files\Docker\Docker\resources\bin\kubectl.exe is version 1.30.5, which may have incompatibilities with Kubernetes 1.32.0.
  - Want kubectl v1.32.0? Try 'minikube kubectl -- get pods -A'
* Done! kubectl is now configured to use "minikube" cluster and "default" namespace by default

C:\Users\BodhareRachit>minikube status
minikube
type: Control Plane
host: Running
kubelet: Running
apiserver: Running
kubeconfig: Configured


C:\Users\BodhareRachit>minikube docker-env
SET DOCKER_TLS_VERIFY=1
SET DOCKER_HOST=tcp://127.0.0.1:52762
SET DOCKER_CERT_PATH=C:\Users\BodhareRachit\.minikube\certs
SET MINIKUBE_ACTIVE_DOCKERD=minikube
REM To point your shell to minikube's docker-daemon, run:
REM @FOR /f "tokens=*" %i IN ('minikube -p minikube docker-env --shell cmd') DO @%i

C:\Users\BodhareRachit>@FOR /f "tokens=*" %i IN ('minikube -p minikube docker-env --shell cmd') DO @%i

C:\Users\BodhareRachit>cd C:\Users\BodhareRachit\OneDrive - Cubastion Consulting Pvt Ltd\Desktop\Assessment-5

C:\Users\BodhareRachit\OneDrive - Cubastion Consulting Pvt Ltd\Desktop\Assessment-5>docker images
REPOSITORY                                TAG        IMAGE ID       CREATED        SIZE
registry.k8s.io/kube-apiserver            v1.32.0    c2e17b8d0f4a   2 months ago   97MB
registry.k8s.io/kube-controller-manager   v1.32.0    8cab3d2a8bd0   2 months ago   89.7MB
registry.k8s.io/kube-scheduler            v1.32.0    a389e107f4ff   2 months ago   69.6MB
registry.k8s.io/kube-proxy                v1.32.0    040f9f8aac8c   2 months ago   94MB
registry.k8s.io/etcd                      3.5.16-0   a9e7e6b294ba   5 months ago   150MB
registry.k8s.io/coredns/coredns           v1.11.3    c69fa2e9cbf5   7 months ago   61.8MB
registry.k8s.io/pause                     3.10       873ed7510279   9 months ago   736kB
gcr.io/k8s-minikube/storage-provisioner   v5         6e38f40d628d   3 years ago    31.5MB

C:\Users\BodhareRachit\OneDrive - Cubastion Consulting Pvt Ltd\Desktop\Assessment-5>docker build -t docker build -t my-task-project/eureka-server:latest ./eureka-server
ERROR: "docker buildx build" requires exactly 1 argument.
See 'docker buildx build --help'.

Usage:  docker buildx build [OPTIONS] PATH | URL | -

Start a build

C:\Users\BodhareRachit\OneDrive - Cubastion Consulting Pvt Ltd\Desktop\Assessment-5>docker build -t my-task-project/eureka-server:latest ./eureka-server
[+] Building 56.7s (9/9) FINISHED                                                                        docker:default
 => [internal] load build definition from Dockerfile                                                               0.1s
 => => transferring dockerfile: 164B                                                                               0.0s
 => [internal] load metadata for docker.io/library/openjdk:23-jdk                                                  3.5s
 => [auth] library/openjdk:pull token for registry-1.docker.io                                                     0.0s
 => [internal] load .dockerignore                                                                                  0.0s
 => => transferring context: 2B                                                                                    0.0s
 => [1/3] FROM docker.io/library/openjdk:23-jdk@sha256:fd0f3721ad4abbfe393ac1a2672abf4b7f53b5ecd9803a4e2444aa3ac  49.7s
 => => resolve docker.io/library/openjdk:23-jdk@sha256:fd0f3721ad4abbfe393ac1a2672abf4b7f53b5ecd9803a4e2444aa3acd  0.0s
 => => sha256:5e407bf3af905fb1f6edf271f870052697e79b018f921119921615cd25365fdb 49.24MB / 49.24MB                  15.0s
 => => sha256:b3c1ea9e315646607184654c85696fc0269f0c99b2067585f1dc26e206a13230 40.42MB / 40.42MB                  13.9s
 => => sha256:cdea025156ce54480a983c8a9ad7b91e8c6002863e9219f9e73f21478e0fd2d6 211.28MB / 211.28MB                33.3s
 => => sha256:fd0f3721ad4abbfe393ac1a2672abf4b7f53b5ecd9803a4e2444aa3acd7d398e 3.33kB / 3.33kB                     0.0s
 => => sha256:79b3709d6cbf229121678d03417b3b43462f0ce9acd617bedf19091068ad90ec 1.57kB / 1.57kB                     0.0s
 => => sha256:6fae20072d2a12db20f634ae5afd5f7617a68ea594d6c852d22fd962804099eb 3.46kB / 3.46kB                     0.0s
 => => extracting sha256:5e407bf3af905fb1f6edf271f870052697e79b018f921119921615cd25365fdb                         17.7s
 => => extracting sha256:b3c1ea9e315646607184654c85696fc0269f0c99b2067585f1dc26e206a13230                          5.2s
 => => extracting sha256:cdea025156ce54480a983c8a9ad7b91e8c6002863e9219f9e73f21478e0fd2d6                         10.4s
 => [internal] load build context                                                                                  5.8s
 => => transferring context: 57.68MB                                                                               5.8s
 => [2/3] WORKDIR /app                                                                                             1.5s
 => [3/3] COPY target/eureka-server.jar app.jar                                                                    1.3s
 => exporting to image                                                                                             0.4s
 => => exporting layers                                                                                            0.4s
 => => writing image sha256:64cdb3731a5ba427f8c6773fe5f4de6f5ee4761da45ac47e78672f7e2d8e7753                       0.0s
 => => naming to docker.io/my-task-project/eureka-server:latest                                                    0.0s

C:\Users\BodhareRachit\OneDrive - Cubastion Consulting Pvt Ltd\Desktop\Assessment-5>docker build -t my-task-project/api-gateway:latest ./api-gateway
[+] Building 4.0s (8/8) FINISHED                                                                         docker:default
 => [internal] load build definition from Dockerfile                                                               0.0s
 => => transferring dockerfile: 160B                                                                               0.0s
 => [internal] load metadata for docker.io/library/openjdk:23-jdk                                                  0.9s
 => [internal] load .dockerignore                                                                                  0.0s
 => => transferring context: 2B                                                                                    0.0s
 => [1/3] FROM docker.io/library/openjdk:23-jdk@sha256:fd0f3721ad4abbfe393ac1a2672abf4b7f53b5ecd9803a4e2444aa3acd  0.0s
 => [internal] load build context                                                                                  1.4s
 => => transferring context: 47.32MB                                                                               1.4s
 => CACHED [2/3] WORKDIR /app                                                                                      0.0s
 => [3/3] COPY target/api-gateway.jar app.jar                                                                      0.7s
 => exporting to image                                                                                             0.7s
 => => exporting layers                                                                                            0.7s
 => => writing image sha256:6a14fd3ed937a2914654d095ebf32f224ee2eb82213aa2c26b5648209b9eeb06                       0.0s
 => => naming to docker.io/my-task-project/api-gateway:latest                                                      0.0s

C:\Users\BodhareRachit\OneDrive - Cubastion Consulting Pvt Ltd\Desktop\Assessment-5>docker build -t my-task-project/user-service:latest ./user-service
[+] Building 6.6s (8/8) FINISHED                                                                         docker:default
 => [internal] load build definition from Dockerfile                                                               0.0s
 => => transferring dockerfile: 163B                                                                               0.0s
 => [internal] load metadata for docker.io/library/openjdk:23-jdk                                                  0.9s
 => [internal] load .dockerignore                                                                                  0.0s
 => => transferring context: 2B                                                                                    0.0s
 => [1/3] FROM docker.io/library/openjdk:23-jdk@sha256:fd0f3721ad4abbfe393ac1a2672abf4b7f53b5ecd9803a4e2444aa3acd  0.0s
 => [internal] load build context                                                                                  3.7s
 => => transferring context: 75.22MB                                                                               3.7s
 => CACHED [2/3] WORKDIR /app                                                                                      0.0s
 => [3/3] COPY target/user-service.jar app.jar                                                                     1.2s
 => exporting to image                                                                                             0.5s
 => => exporting layers                                                                                            0.5s
 => => writing image sha256:ef0a96ecd073bd20cb7631fc3af137c4f060de011a61216acb13095217f59f2e                       0.0s
 => => naming to docker.io/my-task-project/user-service:latest                                                     0.0s

C:\Users\BodhareRachit\OneDrive - Cubastion Consulting Pvt Ltd\Desktop\Assessment-5>docker build -t my-task-project/task-service:latest ./task-service
[+] Building 6.3s (8/8) FINISHED                                                                         docker:default
 => [internal] load build definition from Dockerfile                                                               0.0s
 => => transferring dockerfile: 163B                                                                               0.0s
 => [internal] load metadata for docker.io/library/openjdk:23-jdk                                                  0.9s
 => [internal] load .dockerignore                                                                                  0.0s
 => => transferring context: 2B                                                                                    0.0s
 => [1/3] FROM docker.io/library/openjdk:23-jdk@sha256:fd0f3721ad4abbfe393ac1a2672abf4b7f53b5ecd9803a4e2444aa3acd  0.0s
 => CACHED [2/3] WORKDIR /app                                                                                      0.0s
 => [internal] load build context                                                                                  3.4s
 => => transferring context: 75.22MB                                                                               3.3s
 => [3/3] COPY target/task-service.jar app.jar                                                                     1.3s
 => exporting to image                                                                                             0.6s
 => => exporting layers                                                                                            0.5s
 => => writing image sha256:9094b6e0d66c673022b4775dc306e2ebe405f1c3bd400225a596374fc339fed3                       0.0s
 => => naming to docker.io/my-task-project/task-service:latest                                                     0.0s

C:\Users\BodhareRachit\OneDrive - Cubastion Consulting Pvt Ltd\Desktop\Assessment-5>docker images
REPOSITORY                                TAG        IMAGE ID       CREATED              SIZE
my-task-project/task-service              latest     9094b6e0d66c   12 seconds ago       651MB
my-task-project/user-service              latest     ef0a96ecd073   33 seconds ago       651MB
my-task-project/api-gateway               latest     6a14fd3ed937   58 seconds ago       623MB
my-task-project/eureka-server             latest     64cdb3731a5b   About a minute ago   633MB
registry.k8s.io/kube-apiserver            v1.32.0    c2e17b8d0f4a   2 months ago         97MB
registry.k8s.io/kube-controller-manager   v1.32.0    8cab3d2a8bd0   2 months ago         89.7MB
registry.k8s.io/kube-scheduler            v1.32.0    a389e107f4ff   2 months ago         69.6MB
registry.k8s.io/kube-proxy                v1.32.0    040f9f8aac8c   2 months ago         94MB
registry.k8s.io/etcd                      3.5.16-0   a9e7e6b294ba   5 months ago         150MB
registry.k8s.io/coredns/coredns           v1.11.3    c69fa2e9cbf5   7 months ago         61.8MB
registry.k8s.io/pause                     3.10       873ed7510279   9 months ago         736kB
gcr.io/k8s-minikube/storage-provisioner   v5         6e38f40d628d   3 years ago          31.5MB

C:\Users\BodhareRachit\OneDrive - Cubastion Consulting Pvt Ltd\Desktop\Assessment-5>kubectl apply -f postgres.yaml
persistentvolumeclaim/postgres-pvc created
service/postgres created
deployment.apps/postgres created

C:\Users\BodhareRachit\OneDrive - Cubastion Consulting Pvt Ltd\Desktop\Assessment-5>kubectl apply -f eureka-server.yaml
service/eureka-server created
deployment.apps/eureka-server created

C:\Users\BodhareRachit\OneDrive - Cubastion Consulting Pvt Ltd\Desktop\Assessment-5>kubectl apply -f api-gateway.yaml
service/api-gateway created
deployment.apps/api-gateway created

C:\Users\BodhareRachit\OneDrive - Cubastion Consulting Pvt Ltd\Desktop\Assessment-5>kubectl apply -f user-service.yaml
service/user-service created
deployment.apps/user-service created

C:\Users\BodhareRachit\OneDrive - Cubastion Consulting Pvt Ltd\Desktop\Assessment-5>kubectl apply -f task-service.yaml
service/task-service created
deployment.apps/task-service created

C:\Users\BodhareRachit\OneDrive - Cubastion Consulting Pvt Ltd\Desktop\Assessment-5>kubectl get pods
NAME                             READY   STATUS              RESTARTS   AGE
api-gateway-6c667f8b58-jqv2d     0/1     ErrImagePull        0          37s
eureka-server-664dd976f7-dw7wc   0/1     ErrImagePull        0          49s
postgres-65f448c5c7-4snfj        1/1     Running             0          62s
task-service-5b8b759cb7-mpb95    0/1     ContainerCreating   0          14s
user-service-c8f79bdd-rw66p      0/1     ContainerCreating   0          25s

C:\Users\BodhareRachit\OneDrive - Cubastion Consulting Pvt Ltd\Desktop\Assessment-5>kubectl get svc
NAME            TYPE        CLUSTER-IP       EXTERNAL-IP   PORT(S)    AGE
api-gateway     ClusterIP   10.111.133.38    <none>        8080/TCP   90s
eureka-server   ClusterIP   10.96.107.145    <none>        8761/TCP   102s
kubernetes      ClusterIP   10.96.0.1        <none>        443/TCP    8m59s
postgres        ClusterIP   10.108.207.107   <none>        5432/TCP   114s
task-service    ClusterIP   10.98.211.173    <none>        8082/TCP   67s
user-service    ClusterIP   10.102.225.225   <none>        8081/TCP   77s

C:\Users\BodhareRachit\OneDrive - Cubastion Consulting Pvt Ltd\Desktop\Assessment-5>kubectl get pods
NAME                             READY   STATUS             RESTARTS   AGE
api-gateway-6c667f8b58-jqv2d     0/1     ImagePullBackOff   0          3m19s
eureka-server-664dd976f7-dw7wc   0/1     ImagePullBackOff   0          3m31s
postgres-65f448c5c7-4snfj        1/1     Running            0          3m44s
task-service-5b8b759cb7-mpb95    0/1     ImagePullBackOff   0          2m56s
user-service-c8f79bdd-rw66p      0/1     ImagePullBackOff   0          3m7s

C:\Users\BodhareRachit\OneDrive - Cubastion Consulting Pvt Ltd\Desktop\Assessment-5>kubectl delete pod --all
pod "api-gateway-6c667f8b58-jqv2d" deleted
pod "eureka-server-664dd976f7-dw7wc" deleted
pod "postgres-65f448c5c7-4snfj" deleted
pod "task-service-5b8b759cb7-mpb95" deleted
pod "user-service-c8f79bdd-rw66p" deleted

C:\Users\BodhareRachit\OneDrive - Cubastion Consulting Pvt Ltd\Desktop\Assessment-5>decker images
'decker' is not recognized as an internal or external command,
operable program or batch file.

C:\Users\BodhareRachit\OneDrive - Cubastion Consulting Pvt Ltd\Desktop\Assessment-5>docker images
REPOSITORY                                TAG        IMAGE ID       CREATED         SIZE
my-task-project/task-service              latest     9094b6e0d66c   7 minutes ago   651MB
my-task-project/user-service              latest     ef0a96ecd073   7 minutes ago   651MB
my-task-project/api-gateway               latest     6a14fd3ed937   7 minutes ago   623MB
my-task-project/eureka-server             latest     64cdb3731a5b   8 minutes ago   633MB
postgres                                  latest     c5df8b5c321e   4 days ago      438MB
registry.k8s.io/kube-apiserver            v1.32.0    c2e17b8d0f4a   2 months ago    97MB
registry.k8s.io/kube-scheduler            v1.32.0    a389e107f4ff   2 months ago    69.6MB
registry.k8s.io/kube-controller-manager   v1.32.0    8cab3d2a8bd0   2 months ago    89.7MB
registry.k8s.io/kube-proxy                v1.32.0    040f9f8aac8c   2 months ago    94MB
registry.k8s.io/etcd                      3.5.16-0   a9e7e6b294ba   5 months ago    150MB
registry.k8s.io/coredns/coredns           v1.11.3    c69fa2e9cbf5   7 months ago    61.8MB
registry.k8s.io/pause                     3.10       873ed7510279   9 months ago    736kB
gcr.io/k8s-minikube/storage-provisioner   v5         6e38f40d628d   3 years ago     31.5MB

C:\Users\BodhareRachit\OneDrive - Cubastion Consulting Pvt Ltd\Desktop\Assessment-5>kubectl apply -f postgres.yaml
persistentvolumeclaim/postgres-pvc unchanged
service/postgres unchanged
deployment.apps/postgres unchanged

C:\Users\BodhareRachit\OneDrive - Cubastion Consulting Pvt Ltd\Desktop\Assessment-5>kubectl apply -f eureka-server.yaml
service/eureka-server unchanged
deployment.apps/eureka-server configured

C:\Users\BodhareRachit\OneDrive - Cubastion Consulting Pvt Ltd\Desktop\Assessment-5>kubectl apply -f api-gateway.yaml
service/api-gateway unchanged
deployment.apps/api-gateway configured

C:\Users\BodhareRachit\OneDrive - Cubastion Consulting Pvt Ltd\Desktop\Assessment-5>kubectl apply -f user-service.yaml
service/user-service unchanged
deployment.apps/user-service configured

C:\Users\BodhareRachit\OneDrive - Cubastion Consulting Pvt Ltd\Desktop\Assessment-5>kubectl apply -f task-service.yaml
service/task-service unchanged
deployment.apps/task-service configured

C:\Users\BodhareRachit\OneDrive - Cubastion Consulting Pvt Ltd\Desktop\Assessment-5>kubectl get pods
NAME                             READY   STATUS              RESTARTS   AGE
api-gateway-567685b847-knb9l     1/1     Running             0          40s
eureka-server-78c894466b-bc46l   1/1     Running             0          55s
postgres-65f448c5c7-dxzfl        1/1     Running             0          6m49s
task-service-5b8b759cb7-zlz7m    0/1     ErrImagePull        0          6m49s
task-service-6f46d4f7d8-btx6m    0/1     ContainerCreating   0          15s
user-service-7f98c6f9c7-467jn    1/1     Running             0          31s

C:\Users\BodhareRachit\OneDrive - Cubastion Consulting Pvt Ltd\Desktop\Assessment-5>kubectl get pods
NAME                             READY   STATUS    RESTARTS   AGE
api-gateway-567685b847-knb9l     1/1     Running   0          71s
eureka-server-78c894466b-bc46l   1/1     Running   0          86s
postgres-65f448c5c7-dxzfl        1/1     Running   0          7m20s
task-service-6f46d4f7d8-btx6m    1/1     Running   0          46s
user-service-7f98c6f9c7-467jn    1/1     Running   0          62s

C:\Users\BodhareRachit\OneDrive - Cubastion Consulting Pvt Ltd\Desktop\Assessment-5>kubectl get svc
NAME            TYPE        CLUSTER-IP       EXTERNAL-IP   PORT(S)    AGE
api-gateway     ClusterIP   10.111.133.38    <none>        8080/TCP   13m
eureka-server   ClusterIP   10.96.107.145    <none>        8761/TCP   13m
kubernetes      ClusterIP   10.96.0.1        <none>        443/TCP    20m
postgres        ClusterIP   10.108.207.107   <none>        5432/TCP   13m
task-service    ClusterIP   10.98.211.173    <none>        8082/TCP   12m
user-service    ClusterIP   10.102.225.225   <none>        8081/TCP   13m

C:\Users\BodhareRachit\OneDrive - Cubastion Consulting Pvt Ltd\Desktop\Assessment-5>minikube service api-gateway --url
* service default/api-gateway has no node port
! Services [default/api-gateway] have type "ClusterIP" not meant to be exposed, however for local development minikube allows you to access this !
http://127.0.0.1:53650
! Because you are using a Docker driver on windows, the terminal needs to be open to run it.
